id,first_name,last_name,age,address_street,address_street_num,address_city,address_postal_code
1,Emma,Johnson,28,Cypress Lane,456,Phoenix,85001
