user_id,first_name,last_name
1,Emma,Johnson
2,Joe,Maxey
