"id","name","country"
"123","John Doe","UK"
"234","Jane Doe","UK"
