JSON_parentId,data
users_cb2bc96f6da8d6b8d80db53f9f8e1420,active
users_cb2bc96f6da8d6b8d80db53f9f8e1420,admin
users_fb533ae1c29a6b38f886b7191d4b73d5,active
