id,name,tags
123,John Doe,users_cb2bc96f6da8d6b8d80db53f9f8e1420
234,Jane Doe,users_fb533ae1c29a6b38f886b7191d4b73d5
