id,name,contacts
123,John Doe,users_df487eda84acf4ec9fcab77e1952c9e7
234,Jane Doe,users_db4eb53218add9e2a160524f376966b6
