JSON_parentId,id,name,owned_since
user_45d94f63668f6ac489095bc78aa21ce6,234567,Macbook Pro,2017-11-10
user_45d94f63668f6ac489095bc78aa21ce6,789012,Printer,2016-10-05
