id,name,address_street,address_country,address_city,interests
123,John Doe,Blossom Avenue,United Kingdom,,users_0d60655072c0d3b4c076f3a04e32636c
234,Jane Doe,Whiteheaven Mansions,United Kingdom,London,users_22d50ac5486cfbce9fe89d75da4a6fd5
