JSON_parentId,data
users_0d60655072c0d3b4c076f3a04e32636c,girls
users_0d60655072c0d3b4c076f3a04e32636c,cars
users_0d60655072c0d3b4c076f3a04e32636c,flowers
users_22d50ac5486cfbce9fe89d75da4a6fd5,boys
users_22d50ac5486cfbce9fe89d75da4a6fd5,cars
users_22d50ac5486cfbce9fe89d75da4a6fd5,flowers
