id,name,contacts
123,John Doe,users_08d9ef8753192e61272f3dae5984ebdb
234,Jane Doe,users_8712f496912fc51ce08a3afaa1739136
