JSON_parentId,item_name,item_properties_storage,item_properties_chip_apple_silicon,item_properties_chip_name,item_properties_chip_manufacturer_name,item_properties_color,owned_since
user_5254cc36e4b9c73c1234bf8a30bfcf6d,Macbook Pro,100GB,True,M1-Pro,some factory,gray,2022-01-10
