"id","name","address_street","address_city","address_state"
"123","John Doe","Elm Street","New York",""
"234","Jane Doe","Bates Street","Chicago","USA"
