"interest","users_pk"
"girls","John,Doe"
"cars","John,Doe"
"flowers","John,Doe"
"boys","Jane,Doe"
"cars","Jane,Doe"
"flowers","Jane,Doe"
