"first_name","last_name"
"John","Doe"
"Jane","Doe"
