"id","name","colors"
"1234","Jenny Doe","blue,pink"
"1235","Jimmy Doe","red,green,blue"
"123","John Doe",""
"2345","Janet Doe","black"
"234","Jane Doe",""
